[hublagram.co.id/index.html]
[backblue.gif]
[fade.gif]
[index.html]
[hublagram.co.id/assets1/css/animate.css]
[hublagram.co.id/assets1/css/font-awesome.min.css]
[hublagram.co.id/assets1/css/fontello.css]
[hublagram.co.id/assets1/css/jquery-ui.css]
[hublagram.co.id/assets1/css/lnr-icon.css]
[hublagram.co.id/assets1/css/owl.carousel.css]
[hublagram.co.id/assets1/css/slick.css]
[hublagram.co.id/assets1/css/trumbowyg.min.css]
[hublagram.co.id/assets1/css/bootstrap/bootstrap.min.css]
[hublagram.co.id/assets1/css/style.css]
[hublagram.co.id/assets1/images/insta.png]
[hublagram.co.id/peraturan.html]
[hublagram.co.id/contact.html]
[hublagram.co.id/Masuk.html]
[hublagram.co.id/images/hero_area_bg.html]
[pagead2.googlesyndication.com/pagead/js/feac3.txt]
[pagead2.googlesyndication.com/pagead/js/f.txt]
[hublagram.co.id/assets1/images/home-right.png]
[hublagram.co.id/images/ptbg.html]
[hublagram.co.id/assets1/images/fac1.png]
[hublagram.co.id/assets1/images/fac2.png]
[hublagram.co.id/assets1/images/fac3.png]
[hublagram.co.id/images/calltobg.html]
[hublagram.co.id/assets1/js/vendor/jquery/popper.min.js]
[hublagram.co.id/assets1/js/vendor/jquery/jquery-1.12.3.js]
[hublagram.co.id/assets1/js/vendor/jquery/uikit.min.js]
[hublagram.co.id/assets1/js/vendor/bootstrap.min.js]
[hublagram.co.id/assets1/js/vendor/chart.bundle.min.js]
[hublagram.co.id/assets1/js/vendor/grid.min.js]
[hublagram.co.id/assets1/js/vendor/jquery-ui.min.js]
[hublagram.co.id/assets1/js/vendor/jquery.barrating.min.js]
[hublagram.co.id/assets1/js/vendor/jquery.countdown.min.js]
[hublagram.co.id/assets1/js/vendor/jquery.counterup.min.js]
[hublagram.co.id/assets1/js/vendor/jquery.easing1.3.js]
[hublagram.co.id/assets1/js/vendor/owl.carousel.min.js]
[hublagram.co.id/assets1/js/vendor/slick.min.js]
[hublagram.co.id/assets1/js/vendor/tether.min.js]
[hublagram.co.id/assets1/js/vendor/trumbowyg.min.js]
[hublagram.co.id/assets1/js/vendor/waypoints.min.js]
[hublagram.co.id/assets1/js/dashboard.js]
[hublagram.co.id/assets1/js/main.js]
[hublagram.co.id/assets1/js/map.js]
[hublagram.co.id/js/plugins.min.js]
[hublagram.co.id/js/script.min.js]
[hublagram.co.id/index.html]
[hublagram.co.id/assets1/css/animate.css]
[hublagram.co.id/assets1/fonts/fontawesome-webfont5b625b62.eot]
[hublagram.co.id/assets1/fonts/fontawesome-webfontd41dd41d.eot]
[hublagram.co.id/assets1/fonts/fontawesome-webfont5b625b62.woff2]
[hublagram.co.id/assets1/fonts/fontawesome-webfont5b625b62.woff]
[hublagram.co.id/assets1/fonts/fontawesome-webfont5b625b62.ttf]
[hublagram.co.id/assets1/css/font-awesome.min.css]
[hublagram.co.id/assets1/fonts/fontawesome-webfont5b625b62.svg]
[hublagram.co.id/assets1/fonts/fontelloc5e6c5e6.eot]
[hublagram.co.id/assets1/fonts/fontelloc5e6c5e6.woff2]
[hublagram.co.id/assets1/fonts/fontelloc5e6c5e6.woff]
[hublagram.co.id/assets1/fonts/fontelloc5e6c5e6.ttf]
[hublagram.co.id/assets1/css/fontello.css]
[hublagram.co.id/assets1/css/jquery-ui.css]
[hublagram.co.id/assets1/fonts/fontelloc5e6c5e6.svg]
[hublagram.co.id/assets1/fonts/Linearicons-Free54e954e9.eot]
[hublagram.co.id/assets1/fonts/Linearicons-Freed41dd41d.eot]
[hublagram.co.id/assets1/fonts/Linearicons-Free54e954e9.woff2]
[hublagram.co.id/assets1/fonts/Linearicons-Free54e954e9.woff]
[hublagram.co.id/assets1/fonts/Linearicons-Free54e954e9.ttf]
[hublagram.co.id/assets1/css/lnr-icon.css]
[hublagram.co.id/assets1/fonts/Linearicons-Free54e954e9.svg]
[hublagram.co.id/assets1/css/owl.carousel.css]
[hublagram.co.id/assets1/css/slick.css]
[hublagram.co.id/assets1/css/trumbowyg.min.css]
[hublagram.co.id/assets1/css/bootstrap/bootstrap.min.css]
[hublagram.co.id/assets1/css/owl.video.play.html]
[hublagram.co.id/assets1/images/bundlebg.jpg]
[hublagram.co.id/assets1/images/check.png]
[hublagram.co.id/assets1/css/style.css]
[hublagram.co.id/home.html]
[hublagram.co.id/peraturan.html]
[hublagram.co.id/contact.html]
[hublagram.co.id/assets/media/favicons/favicon.png]
[hublagram.co.id/assets/media/favicons/favicon-192x192.png]
[hublagram.co.id/assets/media/favicons/apple-touch-icon-180x180.png]
[hublagram.co.id/assets/css/codebase.min.css]
[hublagram.co.id/global/sweetalert/sweetalert.css]
[hublagram.co.id/global/sweetalert/sweetalert.min.js]
[hublagram.co.id/Masuk.html]
[hublagram.co.id/images/hero_area_bg.html]
[hublagram.co.id/images/ptbg.html]
[hublagram.co.id/images/calltobg.html]
[hublagram.co.id/js/plugins.min.html]
[hublagram.co.id/js/script.min.html]
[hublagram.co.id/assets1/fonts/fontawesome-webfont5b625b62.svg]
[hublagram.co.id/assets1/fonts/fontelloc5e6c5e6.svg]
[hublagram.co.id/assets1/fonts/Linearicons-Free54e954e9.svg]
[hublagram.co.id/assets1/css/owl.video.play.html]
[hublagram.co.id/home.html]
[code.jquery.com/jquery-1.10.2.js]
[hublagram.co.id/assets/fonts/simple-line-icons/Simple-Line-Iconsb26c.eot]
[hublagram.co.id/assets/fonts/simple-line-icons/Simple-Line-Iconsb26c.woff2]
[hublagram.co.id/assets/fonts/simple-line-icons/Simple-Line-Iconsb26c.ttf]
[hublagram.co.id/assets/fonts/simple-line-icons/Simple-Line-Iconsb26c.woff]
[hublagram.co.id/assets/fonts/simple-line-icons/Simple-Line-Iconsb26c.svg]
[hublagram.co.id/assets/fonts/fontawesome4/fontawesome-webfont3e6e.eot]
[hublagram.co.id/assets/fonts/fontawesome4/fontawesome-webfontd41d.eot]
[hublagram.co.id/assets/fonts/fontawesome4/fontawesome-webfont3e6e.woff2]
[hublagram.co.id/assets/fonts/fontawesome4/fontawesome-webfont3e6e.woff]
[hublagram.co.id/assets/fonts/fontawesome4/fontawesome-webfont3e6e.ttf]
[hublagram.co.id/assets/css/codebase.min.css]
[hublagram.co.id/global/sweetalert/sweetalert.css]
[hublagram.co.id/assets/fonts/simple-line-icons/Simple-Line-Iconsb26c.svg]
[hublagram.co.id/assets/fonts/fontawesome4/fontawesome-webfont3e6e.svg]
[hublagram.co.id/assets/fonts/fontawesome4/fontawesome-webfont3e6e.svg]
